edumind-grafana  | logger=migrator t=2026-04-23T04:38:57.49216455Z level=info msg="Migration successfully executed" id="RBAC action name migrator" duration=311.417µs
edumind-grafana  | logger=migrator t=2026-04-23T04:38:57.492745008Z level=info msg="Executing migration" id="Add UID column to playlist"
edumind-grafana  | logger=migrator t=2026-04-23T04:38:57.494876091Z level=info msg="Migration successfully executed" id="Add UID column to playlist" duration=2.131083ms
edumind-grafana  | logger=migrator t=2026-04-23T04:38:57.495531591Z level=info msg="Executing migration" id="Update uid column values in playlist"
edumind-grafana  | logger=migrator t=2026-04-23T04:38:57.495570675Z level=info msg="Migration successfully executed" id="Update uid column values in playlist" duration=37.917µs
edumind-grafana  | logger=migrator t=2026-04-23T04:38:57.496035716Z level=info msg="Executing migration" id="Add index for uid in playlist"
edumind-grafana  | logger=migrator t=2026-04-23T04:38:57.496343133Z level=info msg="Migration successfully executed" id="Add index for uid in playlist" duration=308.667µs
edumind-grafana  | logger=migrator t=2026-04-23T04:38:57.497047591Z level=info msg="Executing migration" id="update group index for alert rules"
edumind-grafana  | logger=migrator t=2026-04-23T04:38:57.497159133Z level=info msg="Migration successfully executed" id="update group index for alert rules" duration=111.834µs
edumind-grafana  | logger=migrator t=2026-04-23T04:38:57.497873133Z level=info msg="Executing migration" id="managed folder permissions alert actions repeated migration"
edumind-grafana  | logger=migrator t=2026-04-23T04:38:57.497920966Z level=info msg="Migration successfully executed" id="managed folder permissions alert actions repeated migration" duration=48.084µs
edumind-grafana  | logger=migrator t=2026-04-23T04:38:57.49854805Z level=info msg="Executing migration" id="admin only folder/dashboard permission"
edumind-grafana  | logger=migrator t=2026-04-23T04:38:57.4987313Z level=info msg="Migration successfully executed" id="admin only folder/dashboard permission" duration=183.708µs
edumind-grafana  | logger=migrator t=2026-04-23T04:38:57.499269841Z level=info msg="Executing migration" id="add action column to seed_assignment"
edumind-grafana  | logger=migrator t=2026-04-23T04:38:57.501526425Z level=info msg="Migration successfully executed" id="add action column to seed_assignment" duration=2.256709ms
edumind-grafana  | logger=migrator t=2026-04-23T04:38:57.502219466Z level=info msg="Executing migration" id="add scope column to seed_assignment"
edumind-grafana  | logger=migrator t=2026-04-23T04:38:57.504299091Z level=info msg="Migration successfully executed" id="add scope column to seed_assignment" duration=2.078625ms
edumind-grafana  | logger=migrator t=2026-04-23T04:38:57.504976925Z level=info msg="Executing migration" id="remove unique index builtin_role_role_name before nullable update"
edumind-grafana  | logger=migrator t=2026-04-23T04:38:57.505294883Z level=info msg="Migration successfully executed" id="remove unique index builtin_role_role_name before nullable update" duration=318.125µs
edumind-grafana  | logger=migrator t=2026-04-23T04:38:57.50591605Z level=info msg="Executing migration" id="update seed_assignment role_name column to nullable"
edumind-grafana  | logger=migrator t=2026-04-23T04:38:57.528027133Z level=info msg="Migration successfully executed" id="update seed_assignment role_name column to nullable" duration=22.098583ms
edumind-grafana  | logger=migrator t=2026-04-23T04:38:57.529088841Z level=info msg="Executing migration" id="add unique index builtin_role_name back"
edumind-grafana  | logger=migrator t=2026-04-23T04:38:57.529511758Z level=info msg="Migration successfully executed" id="add unique index builtin_role_name back" duration=423.334µs
edumind-grafana  | logger=migrator t=2026-04-23T04:38:57.530303925Z level=info msg="Executing migration" id="add unique index builtin_role_action_scope"
edumind-grafana  | logger=migrator t=2026-04-23T04:38:57.5306143Z level=info msg="Migration successfully executed" id="add unique index builtin_role_action_scope" duration=309.375µs
edumind-grafana  | logger=migrator t=2026-04-23T04:38:57.531404175Z level=info msg="Executing migration" id="add primary key to seed_assigment"
edumind-grafana  | logger=migrator t=2026-04-23T04:38:57.538150508Z level=info msg="Migration successfully executed" id="add primary key to seed_assigment" duration=6.744667ms
edumind-grafana  | logger=migrator t=2026-04-23T04:38:57.53912855Z level=info msg="Executing migration" id="add origin column to seed_assignment"
edumind-grafana  | logger=migrator t=2026-04-23T04:38:57.541307466Z level=info msg="Migration successfully executed" id="add origin column to seed_assignment" duration=2.179084ms
edumind-grafana  | logger=migrator t=2026-04-23T04:38:57.542055425Z level=info msg="Executing migration" id="add origin to plugin seed_assignment"
edumind-grafana  | logger=migrator t=2026-04-23T04:38:57.542155091Z level=info msg="Migration successfully executed" id="add origin to plugin seed_assignment" duration=100µs
edumind-grafana  | logger=migrator t=2026-04-23T04:38:57.542845508Z level=info msg="Executing migration" id="prevent seeding OnCall access"
edumind-grafana  | logger=migrator t=2026-04-23T04:38:57.542898133Z level=info msg="Migration successfully executed" id="prevent seeding OnCall access" duration=52.959µs
edumind-grafana  | logger=migrator t=2026-04-23T04:38:57.5436028Z level=info msg="Executing migration" id="managed folder permissions alert actions repeated fixed migration"
edumind-grafana  | logger=migrator t=2026-04-23T04:38:57.543664425Z level=info msg="Migration successfully executed" id="managed folder permissions alert actions repeated fixed migration" duration=62.541µs
edumind-grafana  | logger=migrator t=2026-04-23T04:38:57.544166216Z level=info msg="Executing migration" id="managed folder permissions library panel actions migration"
edumind-grafana  | logger=migrator t=2026-04-23T04:38:57.544223175Z level=info msg="Migration successfully executed" id="managed folder permissions library panel actions migration" duration=57.416µs
edumind-grafana  | logger=migrator t=2026-04-23T04:38:57.544864258Z level=info msg="Executing migration" id="migrate external alertmanagers to datsourcse"
edumind-grafana  | logger=migrator t=2026-04-23T04:38:57.544910633Z level=info msg="Migration successfully executed" id="migrate external alertmanagers to datsourcse" duration=46.5µs
edumind-grafana  | logger=migrator t=2026-04-23T04:38:57.545554466Z level=info msg="Executing migration" id="create folder table"
edumind-grafana  | logger=migrator t=2026-04-23T04:38:57.545889425Z level=info msg="Migration successfully executed" id="create folder table" duration=334.958µs
edumind-grafana  | logger=migrator t=2026-04-23T04:38:57.5467633Z level=info msg="Executing migration" id="Add index for parent_uid"
edumind-grafana  | logger=migrator t=2026-04-23T04:38:57.547107675Z level=info msg="Migration successfully executed" id="Add index for parent_uid" duration=344.625µs
edumind-grafana  | logger=migrator t=2026-04-23T04:38:57.548024008Z level=info msg="Executing migration" id="Add unique index for folder.uid and folder.org_id"
edumind-grafana  | logger=migrator t=2026-04-23T04:38:57.548436883Z level=info msg="Migration successfully executed" id="Add unique index for folder.uid and folder.org_id" duration=412.333µs
edumind-grafana  | logger=migrator t=2026-04-23T04:38:57.549337883Z level=info msg="Executing migration" id="Update folder title length"
edumind-grafana  | logger=migrator t=2026-04-23T04:38:57.549356675Z level=info msg="Migration successfully executed" id="Update folder title length" duration=19.083µs
edumind-grafana  | logger=migrator t=2026-04-23T04:38:57.550021716Z level=info msg="Executing migration" id="Add unique index for folder.title and folder.parent_uid"
edumind-grafana  | logger=migrator t=2026-04-23T04:38:57.550347425Z level=info msg="Migration successfully executed" id="Add unique index for folder.title and folder.parent_uid" duration=325.875µs
edumind-grafana  | logger=migrator t=2026-04-23T04:38:57.551035966Z level=info msg="Executing migration" id="Remove unique index for folder.title and folder.parent_uid"
edumind-grafana  | logger=migrator t=2026-04-23T04:38:57.551364716Z level=info msg="Migration successfully executed" id="Remove unique index for folder.title and folder.parent_uid" duration=328.958µs
edumind-grafana  | logger=migrator t=2026-04-23T04:38:57.552003591Z level=info msg="Executing migration" id="Add unique index for title, parent_uid, and org_id"
edumind-grafana  | logger=migrator t=2026-04-23T04:38:57.55233105Z level=info msg="Migration successfully executed" id="Add unique index for title, parent_uid, and org_id" duration=327.5µs
edumind-grafana  | logger=migrator t=2026-04-23T04:38:57.552944425Z level=info msg="Executing migration" id="Sync dashboard and folder table"
edumind-grafana  | logger=migrator t=2026-04-23T04:38:57.553047716Z level=info msg="Migration successfully executed" id="Sync dashboard and folder table" duration=103.375µs
edumind-grafana  | logger=migrator t=2026-04-23T04:38:57.553637383Z level=info msg="Executing migration" id="Remove ghost folders from the folder table"
edumind-grafana  | logger=migrator t=2026-04-23T04:38:57.5537003Z level=info msg="Migration successfully executed" id="Remove ghost folders from the folder table" duration=63.084µs
edumind-grafana  | logger=migrator t=2026-04-23T04:38:57.554143175Z level=info msg="Executing migration" id="Remove unique index UQE_folder_uid_org_id"
edumind-grafana  | logger=migrator t=2026-04-23T04:38:57.55441955Z level=info msg="Migration successfully executed" id="Remove unique index UQE_folder_uid_org_id" duration=277.084µs
edumind-grafana  | logger=migrator t=2026-04-23T04:38:57.555033925Z level=info msg="Executing migration" id="Add unique index UQE_folder_org_id_uid"
edumind-grafana  | logger=migrator t=2026-04-23T04:38:57.555332091Z level=info msg="Migration successfully executed" id="Add unique index UQE_folder_org_id_uid" duration=298.042µs
edumind-grafana  | logger=migrator t=2026-04-23T04:38:57.55596555Z level=info msg="Executing migration" id="Remove unique index UQE_folder_title_parent_uid_org_id"
edumind-grafana  | logger=migrator t=2026-04-23T04:38:57.556269591Z level=info msg="Migration successfully executed" id="Remove unique index UQE_folder_title_parent_uid_org_id" duration=304.417µs
edumind-grafana  | logger=migrator t=2026-04-23T04:38:57.556963425Z level=info msg="Executing migration" id="Add unique index UQE_folder_org_id_parent_uid_title"
edumind-grafana  | logger=migrator t=2026-04-23T04:38:57.5572823Z level=info msg="Migration successfully executed" id="Add unique index UQE_folder_org_id_parent_uid_title" duration=319.042µs
edumind-grafana  | logger=migrator t=2026-04-23T04:38:57.557918883Z level=info msg="Executing migration" id="Remove index IDX_folder_parent_uid_org_id"
edumind-grafana  | logger=migrator t=2026-04-23T04:38:57.558208133Z level=info msg="Migration successfully executed" id="Remove index IDX_folder_parent_uid_org_id" duration=289.5µs
edumind-grafana  | logger=migrator t=2026-04-23T04:38:57.558886633Z level=info msg="Executing migration" id="create anon_device table"
edumind-grafana  | logger=migrator t=2026-04-23T04:38:57.559287716Z level=info msg="Migration successfully executed" id="create anon_device table" duration=400.875µs
edumind-grafana  | logger=migrator t=2026-04-23T04:38:57.56017855Z level=info msg="Executing migration" id="add unique index anon_device.device_id"
edumind-grafana  | logger=migrator t=2026-04-23T04:38:57.560591508Z level=info msg="Migration successfully executed" id="add unique index anon_device.device_id" duration=413.375µs
edumind-grafana  | logger=migrator t=2026-04-23T04:38:57.56161305Z level=info msg="Executing migration" id="add index anon_device.updated_at"
edumind-grafana  | logger=migrator t=2026-04-23T04:38:57.561957633Z level=info msg="Migration successfully executed" id="add index anon_device.updated_at" duration=345.25µs
edumind-grafana  | logger=migrator t=2026-04-23T04:38:57.562741883Z level=info msg="Executing migration" id="create signing_key table"
edumind-grafana  | logger=migrator t=2026-04-23T04:38:57.563020758Z level=info msg="Migration successfully executed" id="create signing_key table" duration=279.167µs
edumind-grafana  | logger=migrator t=2026-04-23T04:38:57.563868383Z level=info msg="Executing migration" id="add unique index signing_key.key_id"
edumind-grafana  | logger=migrator t=2026-04-23T04:38:57.5641898Z level=info msg="Migration successfully executed" id="add unique index signing_key.key_id" duration=321.625µs
edumind-grafana  | logger=migrator t=2026-04-23T04:38:57.564900091Z level=info msg="Executing migration" id="set legacy alert migration status in kvstore"
edumind-grafana  | logger=migrator t=2026-04-23T04:38:57.565240175Z level=info msg="Migration successfully executed" id="set legacy alert migration status in kvstore" duration=340.5µs
edumind-grafana  | logger=migrator t=2026-04-23T04:38:57.565926675Z level=info msg="Executing migration" id="migrate record of created folders during legacy migration to kvstore"
edumind-grafana  | logger=migrator t=2026-04-23T04:38:57.566002175Z level=info msg="Migration successfully executed" id="migrate record of created folders during legacy migration to kvstore" duration=75.833µs
edumind-grafana  | logger=migrator t=2026-04-23T04:38:57.566666883Z level=info msg="Executing migration" id="Add folder_uid for dashboard"
edumind-grafana  | logger=migrator t=2026-04-23T04:38:57.568909883Z level=info msg="Migration successfully executed" id="Add folder_uid for dashboard" duration=2.24325ms
edumind-grafana  | logger=migrator t=2026-04-23T04:38:57.569523216Z level=info msg="Executing migration" id="Populate dashboard folder_uid column"
edumind-grafana  | logger=migrator t=2026-04-23T04:38:57.569702758Z level=info msg="Migration successfully executed" id="Populate dashboard folder_uid column" duration=179.834µs
edumind-grafana  | logger=migrator t=2026-04-23T04:38:57.570223383Z level=info msg="Executing migration" id="Add unique index for dashboard_org_id_folder_uid_title"
edumind-grafana  | logger=migrator t=2026-04-23T04:38:57.57023005Z level=info msg="Migration successfully executed" id="Add unique index for dashboard_org_id_folder_uid_title" duration=6.875µs
edumind-grafana  | logger=migrator t=2026-04-23T04:38:57.570784633Z level=info msg="Executing migration" id="Delete unique index for dashboard_org_id_folder_id_title"
edumind-grafana  | logger=migrator t=2026-04-23T04:38:57.571077633Z level=info msg="Migration successfully executed" id="Delete unique index for dashboard_org_id_folder_id_title" duration=293.125µs
edumind-grafana  | logger=migrator t=2026-04-23T04:38:57.571701008Z level=info msg="Executing migration" id="Delete unique index for dashboard_org_id_folder_uid_title"
edumind-grafana  | logger=migrator t=2026-04-23T04:38:57.571706883Z level=info msg="Migration successfully executed" id="Delete unique index for dashboard_org_id_folder_uid_title" duration=6.083µs
edumind-grafana  | logger=migrator t=2026-04-23T04:38:57.572151383Z level=info msg="Executing migration" id="Add unique index for dashboard_org_id_folder_uid_title_is_folder"
edumind-grafana  | logger=migrator t=2026-04-23T04:38:57.572495716Z level=info msg="Migration successfully executed" id="Add unique index for dashboard_org_id_folder_uid_title_is_folder" duration=344.25µs
edumind-grafana  | logger=migrator t=2026-04-23T04:38:57.5731008Z level=info msg="Executing migration" id="Restore index for dashboard_org_id_folder_id_title"
edumind-grafana  | logger=migrator t=2026-04-23T04:38:57.573444758Z level=info msg="Migration successfully executed" id="Restore index for dashboard_org_id_folder_id_title" duration=344.209µs
edumind-grafana  | logger=migrator t=2026-04-23T04:38:57.574046925Z level=info msg="Executing migration" id="create sso_setting table"
edumind-grafana  | logger=migrator t=2026-04-23T04:38:57.574318091Z level=info msg="Migration successfully executed" id="create sso_setting table" duration=271.167µs
edumind-grafana  | logger=migrator t=2026-04-23T04:38:57.57505355Z level=info msg="Executing migration" id="copy kvstore migration status to each org"
edumind-grafana  | logger=migrator t=2026-04-23T04:38:57.575277758Z level=info msg="Migration successfully executed" id="copy kvstore migration status to each org" duration=224.75µs
edumind-grafana  | logger=migrator t=2026-04-23T04:38:57.575849633Z level=info msg="Executing migration" id="add back entry for orgid=0 migrated status"
edumind-grafana  | logger=migrator t=2026-04-23T04:38:57.575905883Z level=info msg="Migration successfully executed" id="add back entry for orgid=0 migrated status" duration=56.333µs
edumind-grafana  | logger=migrator t=2026-04-23T04:38:57.576476383Z level=info msg="Executing migration" id="managed dashboard permissions annotation actions migration"
edumind-grafana  | logger=migrator t=2026-04-23T04:38:57.576650716Z level=info msg="Migration successfully executed" id="managed dashboard permissions annotation actions migration" duration=174.375µs
edumind-grafana  | logger=migrator t=2026-04-23T04:38:57.577155425Z level=info msg="Executing migration" id="create cloud_migration table v1"
edumind-grafana  | logger=migrator t=2026-04-23T04:38:57.577423758Z level=info msg="Migration successfully executed" id="create cloud_migration table v1" duration=268.375µs
edumind-grafana  | logger=migrator t=2026-04-23T04:38:57.57810505Z level=info msg="Executing migration" id="create cloud_migration_run table v1"
edumind-grafana  | logger=migrator t=2026-04-23T04:38:57.578325466Z level=info msg="Migration successfully executed" id="create cloud_migration_run table v1" duration=220.584µs
edumind-grafana  | logger=migrator t=2026-04-23T04:38:57.57896455Z level=info msg="Executing migration" id="add stack_id column"
edumind-grafana  | logger=migrator t=2026-04-23T04:38:57.5812448Z level=info msg="Migration successfully executed" id="add stack_id column" duration=2.27975ms
edumind-grafana  | logger=migrator t=2026-04-23T04:38:57.582008591Z level=info msg="Executing migration" id="add region_slug column"
edumind-grafana  | logger=migrator t=2026-04-23T04:38:57.58437555Z level=info msg="Migration successfully executed" id="add region_slug column" duration=2.367125ms
edumind-grafana  | logger=migrator t=2026-04-23T04:38:57.585134508Z level=info msg="Executing migration" id="add cluster_slug column"
edumind-grafana  | logger=migrator t=2026-04-23T04:38:57.587459008Z level=info msg="Migration successfully executed" id="add cluster_slug column" duration=2.325209ms
edumind-grafana  | logger=migrator t=2026-04-23T04:38:57.5881323Z level=info msg="Executing migration" id="add migration uid column"
edumind-grafana  | logger=migrator t=2026-04-23T04:38:57.59038755Z level=info msg="Migration successfully executed" id="add migration uid column" duration=2.256167ms
edumind-grafana  | logger=migrator t=2026-04-23T04:38:57.591133716Z level=info msg="Executing migration" id="Update uid column values for migration"
edumind-grafana  | logger=migrator t=2026-04-23T04:38:57.591189925Z level=info msg="Migration successfully executed" id="Update uid column values for migration" duration=56.959µs
edumind-grafana  | logger=migrator t=2026-04-23T04:38:57.5917933Z level=info msg="Executing migration" id="Add unique index migration_uid"
edumind-grafana  | logger=migrator t=2026-04-23T04:38:57.592146008Z level=info msg="Migration successfully executed" id="Add unique index migration_uid" duration=352.791µs
edumind-grafana  | logger=migrator t=2026-04-23T04:38:57.592809633Z level=info msg="Executing migration" id="add migration run uid column"
edumind-grafana  | logger=migrator t=2026-04-23T04:38:57.595054008Z level=info msg="Migration successfully executed" id="add migration run uid column" duration=2.243208ms
edumind-grafana  | logger=migrator t=2026-04-23T04:38:57.595855008Z level=info msg="Executing migration" id="Update uid column values for migration run"
edumind-grafana  | logger=migrator t=2026-04-23T04:38:57.595896008Z level=info msg="Migration successfully executed" id="Update uid column values for migration run" duration=40.834µs
edumind-grafana  | logger=migrator t=2026-04-23T04:38:57.596630341Z level=info msg="Executing migration" id="Add unique index migration_run_uid"
edumind-grafana  | logger=migrator t=2026-04-23T04:38:57.596958591Z level=info msg="Migration successfully executed" id="Add unique index migration_run_uid" duration=328.416µs
edumind-grafana  | logger=migrator t=2026-04-23T04:38:57.597829341Z level=info msg="Executing migration" id="alter kv_store.value to longtext"
edumind-grafana  | logger=migrator t=2026-04-23T04:38:57.597850716Z level=info msg="Migration successfully executed" id="alter kv_store.value to longtext" duration=22.209µs
edumind-grafana  | logger=migrator t=2026-04-23T04:38:57.598628716Z level=info msg="Executing migration" id="add notification_settings column to alert_rule table"
edumind-grafana  | logger=migrator t=2026-04-23T04:38:57.601210758Z level=info msg="Migration successfully executed" id="add notification_settings column to alert_rule table" duration=2.580375ms
edumind-grafana  | logger=migrator t=2026-04-23T04:38:57.602461425Z level=info msg="Executing migration" id="add notification_settings column to alert_rule_version table"
edumind-grafana  | logger=migrator t=2026-04-23T04:38:57.604982466Z level=info msg="Migration successfully executed" id="add notification_settings column to alert_rule_version table" duration=2.521667ms
edumind-grafana  | logger=migrator t=2026-04-23T04:38:57.605820633Z level=info msg="Executing migration" id="removing scope from alert.instances:read action migration"
edumind-grafana  | logger=migrator t=2026-04-23T04:38:57.605936383Z level=info msg="Migration successfully executed" id="removing scope from alert.instances:read action migration" duration=116.042µs
edumind-grafana  | logger=migrator t=2026-04-23T04:38:57.606659883Z level=info msg="Executing migration" id="managed folder permissions alerting silences actions migration"
edumind-grafana  | logger=migrator t=2026-04-23T04:38:57.6067753Z level=info msg="Migration successfully executed" id="managed folder permissions alerting silences actions migration" duration=86.25µs
edumind-grafana  | logger=migrator t=2026-04-23T04:38:57.607528841Z level=info msg="Executing migration" id="add record column to alert_rule table"
edumind-grafana  | logger=migrator t=2026-04-23T04:38:57.609984508Z level=info msg="Migration successfully executed" id="add record column to alert_rule table" duration=2.455667ms
edumind-grafana  | logger=migrator t=2026-04-23T04:38:57.6108408Z level=info msg="Executing migration" id="add record column to alert_rule_version table"
edumind-grafana  | logger=migrator t=2026-04-23T04:38:57.613217466Z level=info msg="Migration successfully executed" id="add record column to alert_rule_version table" duration=2.376916ms
edumind-grafana  | logger=migrator t=2026-04-23T04:38:57.6140143Z level=info msg="migrations completed" performed=572 skipped=0 duration=761.551125ms
edumind-grafana  | logger=migrator t=2026-04-23T04:38:57.614194966Z level=info msg="Unlocking database"
edumind-grafana  | logger=sqlstore t=2026-04-23T04:38:57.619380258Z level=info msg="Created default admin" user=admin
edumind-grafana  | logger=sqlstore t=2026-04-23T04:38:57.619451383Z level=info msg="Created default organization"
edumind-grafana  | logger=secrets t=2026-04-23T04:38:57.621153508Z level=info msg="Envelope encryption state" enabled=true currentprovider=secretKey.v1
edumind-grafana  | logger=plugin.angulardetectorsprovider.dynamic t=2026-04-23T04:38:57.637746008Z level=info msg="Restored cache from database" duration=198.458µs
edumind-grafana  | logger=plugin.store t=2026-04-23T04:38:57.638683466Z level=info msg="Loading plugins..."
edumind-grafana  | logger=plugins.registration t=2026-04-23T04:38:57.65010655Z level=error msg="Could not register plugin" pluginId=xychart error="plugin xychart is already registered"
edumind-grafana  | logger=plugins.initialization t=2026-04-23T04:38:57.650121133Z level=error msg="Could not initialize plugin" pluginId=xychart error="plugin xychart is already registered"
edumind-grafana  | logger=local.finder t=2026-04-23T04:38:57.650144258Z level=warn msg="Skipping finding plugins as directory does not exist" path=/usr/share/grafana/plugins-bundled
edumind-grafana  | logger=plugin.store t=2026-04-23T04:38:57.650148008Z level=info msg="Plugins loaded" count=54 duration=11.464792ms
edumind-grafana  | logger=query_data t=2026-04-23T04:38:57.651787841Z level=info msg="Query Service initialization"
edumind-grafana  | logger=live.push_http t=2026-04-23T04:38:57.653648425Z level=info msg="Live Push Gateway initialization"
edumind-grafana  | logger=ngalert.notifier.alertmanager org=1 t=2026-04-23T04:38:57.657121925Z level=info msg="Applying new configuration to Alertmanager" configHash=d2c56faca6af2a5772ff4253222f7386
edumind-grafana  | logger=ngalert.state.manager t=2026-04-23T04:38:57.659235133Z level=info msg="Running in alternative execution of Error/NoData mode"
edumind-grafana  | logger=infra.usagestats.collector t=2026-04-23T04:38:57.6600463Z level=info msg="registering usage stat providers" usageStatsProvidersLen=2
edumind-grafana  | logger=provisioning.datasources t=2026-04-23T04:38:57.661149175Z level=info msg="inserting datasource from configuration" name=Loki uid=loki
edumind-grafana  | logger=provisioning.alerting t=2026-04-23T04:38:57.669080925Z level=info msg="starting to provision alerting"
edumind-grafana  | logger=folder-service t=2026-04-23T04:38:57.669477258Z level=warn msg="User does not belong to a user or service account namespace, using 0 as user ID" namespaceID= userID=
edumind-grafana  | logger=provisioning.alerting t=2026-04-23T04:38:57.6858168Z level=info msg="finished to provision alerting"
edumind-grafana  | logger=grafanaStorageLogger t=2026-04-23T04:38:57.686303508Z level=info msg="Storage starting"
edumind-grafana  | logger=ngalert.state.manager t=2026-04-23T04:38:57.686629342Z level=info msg="Warming state cache for startup"
edumind-grafana  | logger=ngalert.multiorg.alertmanager t=2026-04-23T04:38:57.686706883Z level=info msg="Starting MultiOrg Alertmanager"
edumind-grafana  | logger=http.server t=2026-04-23T04:38:57.6874928Z level=info msg="HTTP Server Listen" address=[::]:3000 protocol=http subUrl= socket=
edumind-grafana  | logger=provisioning.dashboard t=2026-04-23T04:38:57.736545467Z level=info msg="starting to provision dashboards"
edumind-grafana  | logger=provisioning.dashboard t=2026-04-23T04:38:57.73656155Z level=info msg="finished to provision dashboards"
edumind-grafana  | logger=ngalert.state.manager t=2026-04-23T04:38:57.741324425Z level=info msg="State cache has been initialized" states=0 duration=54.692791ms
edumind-grafana  | logger=ngalert.scheduler t=2026-04-23T04:38:57.741348883Z level=info msg="Starting scheduler" tickInterval=10s maxAttempts=1
edumind-grafana  | logger=ticker t=2026-04-23T04:38:57.741376467Z level=info msg=starting first_tick=2026-04-23T04:39:00Z
edumind-grafana  | logger=grafana-apiserver t=2026-04-23T04:38:57.871249675Z level=info msg="Adding GroupVersion playlist.grafana.app v0alpha1 to ResourceManager"
edumind-grafana  | logger=grafana-apiserver t=2026-04-23T04:38:57.871524175Z level=info msg="Adding GroupVersion featuretoggle.grafana.app v0alpha1 to ResourceManager"
edumind-grafana  | logger=plugin.angulardetectorsprovider.dynamic t=2026-04-23T04:38:58.403639842Z level=info msg="Patterns update finished" duration=662.239167ms
edumind-grafana  | logger=plugins.update.checker t=2026-04-23T04:38:58.412402259Z level=info msg="Update check succeeded" duration=724.115876ms
edumind-grafana  | logger=grafana.update.checker t=2026-04-23T04:39:00.963784635Z level=info msg="Update check succeeded" duration=3.275599543s
edumind-grafana  | logger=tsdb.loki endpoint=queryData pluginId=loki dsName=Loki dsUID=loki uname=grafana_scheduler rule_uid=vinci-degraded-burst org_id=1 fromAlert=true t=2026-04-23T04:39:10.007196375Z level=info msg="Prepared request to Loki" duration=67.792µs queriesLength=1 stage=prepareRequest runInParallel=false
edumind-grafana  | logger=tsdb.loki endpoint=queryData pluginId=loki dsName=Loki dsUID=loki uname=grafana_scheduler rule_uid=vinci-degraded-burst org_id=1 fromAlert=true t=2026-04-23T04:39:10.022270958Z level=info msg="Response received from loki" duration=14.995666ms stage=databaseRequest statusCode=200 contentLength= start=2026-04-23T04:29:10Z end=2026-04-23T04:39:10Z step=1s query="sum(count_over_time({app=\"edumind-backend\"} |= \"app.analytics.telemetry\" |= \"\\\"module\\\": \\\"vinci\\\"\" |= \"\\\"status\\\": \\\"degraded\\\"\" [10m]))\n" queryType=range direction=backward maxLines=0 supportingQueryType=none lokiHost=loki:3100 lokiPath=/loki/api/v1/query_range status=ok
edumind-grafana  | logger=tsdb.loki endpoint=queryData pluginId=loki dsName=Loki dsUID=loki uname=grafana_scheduler rule_uid=vinci-degraded-burst org_id=1 fromAlert=true t=2026-04-23T04:39:10.022604791Z level=info msg="Response parsed from loki" duration=271.791µs metricDataplane=true framesLength=1 stage=parseResponse
edumind-grafana  | logger=ngalert.sender.router rule_uid=vinci-degraded-burst org_id=1 t=2026-04-23T04:39:10.025370041Z level=info msg="Sending alerts to local notifier" count=1
edumind-grafana  | logger=tsdb.loki endpoint=queryData pluginId=loki dsName=Loki dsUID=loki uname=grafana_scheduler rule_uid=vinci-error-rate-high org_id=1 fromAlert=true t=2026-04-23T04:39:12.510201251Z level=info msg="Prepared request to Loki" duration=31.333µs queriesLength=1 stage=prepareRequest runInParallel=false
edumind-grafana  | logger=tsdb.loki endpoint=queryData pluginId=loki dsName=Loki dsUID=loki uname=grafana_scheduler rule_uid=vinci-error-rate-high org_id=1 fromAlert=true t=2026-04-23T04:39:12.517742793Z level=info msg="Response received from loki" duration=6.582583ms stage=databaseRequest statusCode=200 contentLength=1682 start=2026-04-23T04:34:10Z end=2026-04-23T04:39:10Z step=1m0s query="sum(rate({app=\"edumind-backend\"} |= \"app.analytics.telemetry\" |= \"\\\"module\\\": \\\"vinci\\\"\" |= \"\\\"status\\\": \\\"error\\\"\" [5m]))\n" queryType=range direction=backward maxLines=0 supportingQueryType=none lokiHost=loki:3100 lokiPath=/loki/api/v1/query_range status=ok
edumind-grafana  | logger=tsdb.loki endpoint=queryData pluginId=loki dsName=Loki dsUID=loki uname=grafana_scheduler rule_uid=vinci-error-rate-high org_id=1 fromAlert=true t=2026-04-23T04:39:12.518013376Z level=info msg="Response parsed from loki" duration=179.5µs metricDataplane=true framesLength=0 stage=parseResponse
edumind-grafana  | logger=tsdb.loki endpoint=queryData pluginId=loki dsName=Loki dsUID=loki uname=grafana_scheduler rule_uid=vinci-error-rate-high org_id=1 fromAlert=true t=2026-04-23T04:39:12.518320334Z level=info msg="Prepared request to Loki" duration=27.708µs queriesLength=1 stage=prepareRequest runInParallel=false
edumind-grafana  | logger=tsdb.loki endpoint=queryData pluginId=loki dsName=Loki dsUID=loki uname=grafana_scheduler rule_uid=vinci-error-rate-high org_id=1 fromAlert=true t=2026-04-23T04:39:12.522523209Z level=info msg="Response received from loki" duration=3.988417ms stage=databaseRequest statusCode=200 contentLength=1903 start=2026-04-23T04:34:10Z end=2026-04-23T04:39:10Z step=1m0s query="sum(rate({app=\"edumind-backend\"} |= \"app.analytics.telemetry\" |= \"\\\"module\\\": \\\"vinci\\\"\" [5m]))\n" queryType=range direction=backward maxLines=0 supportingQueryType=none lokiHost=loki:3100 lokiPath=/loki/api/v1/query_range status=ok
edumind-grafana  | logger=tsdb.loki endpoint=queryData pluginId=loki dsName=Loki dsUID=loki uname=grafana_scheduler rule_uid=vinci-error-rate-high org_id=1 fromAlert=true t=2026-04-23T04:39:12.522756626Z level=info msg="Response parsed from loki" duration=111.833µs metricDataplane=true framesLength=1 stage=parseResponse
edumind-grafana  | logger=ngalert.sender.router rule_uid=vinci-error-rate-high org_id=1 t=2026-04-23T04:39:12.531840334Z level=info msg="Sending alerts to local notifier" count=1
edumind-grafana  | logger=tsdb.loki endpoint=queryData pluginId=loki dsName=Loki dsUID=loki uname=grafana_scheduler rule_uid=vinci-p95-latency-high org_id=1 fromAlert=true t=2026-04-23T04:39:15.005793335Z level=info msg="Prepared request to Loki" duration=8.791µs queriesLength=1 stage=prepareRequest runInParallel=false
edumind-grafana  | logger=tsdb.loki endpoint=queryData pluginId=loki dsName=Loki dsUID=loki uname=grafana_scheduler rule_uid=vinci-p95-latency-high org_id=1 fromAlert=true t=2026-04-23T04:39:15.00776571Z level=info msg="Response received from loki" duration=1.852959ms stage=databaseRequest statusCode=200 contentLength=1674 start=2026-04-23T04:34:10Z end=2026-04-23T04:39:10Z step=1s query="quantile_over_time(0.95, {app=\"edumind-backend\"} |= \"app.analytics.telemetry\" |= \"\\\"module\\\": \\\"vinci\\\"\" | json | unwrap latency_ms [5m])\n" queryType=range direction=backward maxLines=0 supportingQueryType=none lokiHost=loki:3100 lokiPath=/loki/api/v1/query_range status=ok
edumind-grafana  | logger=tsdb.loki endpoint=queryData pluginId=loki dsName=Loki dsUID=loki uname=grafana_scheduler rule_uid=vinci-p95-latency-high org_id=1 fromAlert=true t=2026-04-23T04:39:15.007910127Z level=info msg="Response parsed from loki" duration=91.875µs metricDataplane=true framesLength=0 stage=parseResponse
edumind-grafana  | logger=ngalert.sender.router rule_uid=vinci-p95-latency-high org_id=1 t=2026-04-23T04:39:15.011170085Z level=info msg="Sending alerts to local notifier" count=1
edumind-grafana  | logger=tsdb.loki endpoint=queryData pluginId=loki dsName=Loki dsUID=loki uname=grafana_scheduler rule_uid=vinci-timeout-rate-high org_id=1 fromAlert=true t=2026-04-23T04:39:17.506137795Z level=info msg="Prepared request to Loki" duration=14.541µs queriesLength=1 stage=prepareRequest runInParallel=false
edumind-grafana  | logger=tsdb.loki endpoint=queryData pluginId=loki dsName=Loki dsUID=loki uname=grafana_scheduler rule_uid=vinci-timeout-rate-high org_id=1 fromAlert=true t=2026-04-23T04:39:17.512289253Z level=info msg="Response received from loki" duration=5.978792ms stage=databaseRequest statusCode=200 contentLength=1682 start=2026-04-23T04:34:10Z end=2026-04-23T04:39:10Z step=1s query="sum(rate({app=\"edumind-backend\"} |= \"app.analytics.telemetry\" |= \"\\\"module\\\": \\\"vinci\\\"\" |= \"\\\"status\\\": \\\"timeout\\\"\" [5m]))\n" queryType=range direction=backward maxLines=0 supportingQueryType=none lokiHost=loki:3100 lokiPath=/loki/api/v1/query_range status=ok
edumind-grafana  | logger=tsdb.loki endpoint=queryData pluginId=loki dsName=Loki dsUID=loki uname=grafana_scheduler rule_uid=vinci-timeout-rate-high org_id=1 fromAlert=true t=2026-04-23T04:39:17.512450712Z level=info msg="Response parsed from loki" duration=71.292µs metricDataplane=true framesLength=0 stage=parseResponse
edumind-grafana  | logger=tsdb.loki endpoint=queryData pluginId=loki dsName=Loki dsUID=loki uname=grafana_scheduler rule_uid=vinci-timeout-rate-high org_id=1 fromAlert=true t=2026-04-23T04:39:17.512611712Z level=info msg="Prepared request to Loki" duration=13.458µs queriesLength=1 stage=prepareRequest runInParallel=false
edumind-grafana  | logger=tsdb.loki endpoint=queryData pluginId=loki dsName=Loki dsUID=loki uname=grafana_scheduler rule_uid=vinci-timeout-rate-high org_id=1 fromAlert=true t=2026-04-23T04:39:17.517855587Z level=info msg="Response received from loki" duration=5.186375ms stage=databaseRequest statusCode=200 contentLength= start=2026-04-23T04:34:10Z end=2026-04-23T04:39:10Z step=1s query="sum(rate({app=\"edumind-backend\"} |= \"app.analytics.telemetry\" |= \"\\\"module\\\": \\\"vinci\\\"\" [5m]))\n" queryType=range direction=backward maxLines=0 supportingQueryType=none lokiHost=loki:3100 lokiPath=/loki/api/v1/query_range status=ok
edumind-grafana  | logger=tsdb.loki endpoint=queryData pluginId=loki dsName=Loki dsUID=loki uname=grafana_scheduler rule_uid=vinci-timeout-rate-high org_id=1 fromAlert=true t=2026-04-23T04:39:17.51813492Z level=info msg="Response parsed from loki" duration=217.334µs metricDataplane=true framesLength=1 stage=parseResponse
edumind-grafana  | logger=ngalert.sender.router rule_uid=vinci-timeout-rate-high org_id=1 t=2026-04-23T04:39:17.521460628Z level=info msg="Sending alerts to local notifier" count=1
edumind-grafana  | logger=ngalert.notifier.alertmanager org=1 t=2026-04-23T04:39:40.031273125Z level=error component=alertmanager orgID=1 component=dispatcher msg="Notify for alerts failed" num_alerts=1 err="grafana-default-email/email[0]: notify retry canceled due to unrecoverable error after 1 attempts: SMTP not configured, check your grafana.ini config file's [smtp] section"
edumind-grafana  | logger=ngalert.notifier.alertmanager org=1 t=2026-04-23T04:39:42.538520876Z level=error component=alertmanager orgID=1 component=dispatcher msg="Notify for alerts failed" num_alerts=3 err="grafana-default-email/email[0]: notify retry canceled due to unrecoverable error after 1 attempts: SMTP not configured, check your grafana.ini config file's [smtp] section"
edumind-grafana  | logger=tsdb.loki endpoint=queryData pluginId=loki dsName=Loki dsUID=loki uname=grafana_scheduler rule_uid=vinci-degraded-burst org_id=1 fromAlert=true t=2026-04-23T04:40:10.012704791Z level=info msg="Prepared request to Loki" duration=121.584µs queriesLength=1 stage=prepareRequest runInParallel=false
edumind-grafana  | logger=tsdb.loki endpoint=queryData pluginId=loki dsName=Loki dsUID=loki uname=grafana_scheduler rule_uid=vinci-degraded-burst org_id=1 fromAlert=true t=2026-04-23T04:40:10.031467708Z level=info msg="Response received from loki" duration=18.396792ms stage=databaseRequest statusCode=200 contentLength= start=2026-04-23T04:30:10Z end=2026-04-23T04:40:10Z step=1s query="sum(count_over_time({app=\"edumind-backend\"} |= \"app.analytics.telemetry\" |= \"\\\"module\\\": \\\"vinci\\\"\" |= \"\\\"status\\\": \\\"degraded\\\"\" [10m]))\n" queryType=range direction=backward maxLines=0 supportingQueryType=none lokiHost=loki:3100 lokiPath=/loki/api/v1/query_range status=ok
edumind-grafana  | logger=tsdb.loki endpoint=queryData pluginId=loki dsName=Loki dsUID=loki uname=grafana_scheduler rule_uid=vinci-degraded-burst org_id=1 fromAlert=true t=2026-04-23T04:40:10.032090666Z level=info msg="Response parsed from loki" duration=526µs metricDataplane=true framesLength=1 stage=parseResponse
edumind-grafana  | logger=ngalert.sender.router rule_uid=vinci-degraded-burst org_id=1 t=2026-04-23T04:40:10.038843833Z level=info msg="Sending alerts to local notifier" count=1
edumind-grafana  | logger=tsdb.loki endpoint=queryData pluginId=loki dsName=Loki dsUID=loki uname=grafana_scheduler rule_uid=vinci-error-rate-high org_id=1 fromAlert=true t=2026-04-23T04:40:12.513088459Z level=info msg="Prepared request to Loki" duration=9.667µs queriesLength=1 stage=prepareRequest runInParallel=false
edumind-grafana  | logger=tsdb.loki endpoint=queryData pluginId=loki dsName=Loki dsUID=loki uname=grafana_scheduler rule_uid=vinci-error-rate-high org_id=1 fromAlert=true t=2026-04-23T04:40:12.517615709Z level=info msg="Response received from loki" duration=4.397542ms stage=databaseRequest statusCode=200 contentLength=1682 start=2026-04-23T04:35:10Z end=2026-04-23T04:40:10Z step=1m0s query="sum(rate({app=\"edumind-backend\"} |= \"app.analytics.telemetry\" |= \"\\\"module\\\": \\\"vinci\\\"\" |= \"\\\"status\\\": \\\"error\\\"\" [5m]))\n" queryType=range direction=backward maxLines=0 supportingQueryType=none lokiHost=loki:3100 lokiPath=/loki/api/v1/query_range status=ok
edumind-grafana  | logger=tsdb.loki endpoint=queryData pluginId=loki dsName=Loki dsUID=loki uname=grafana_scheduler rule_uid=vinci-error-rate-high org_id=1 fromAlert=true t=2026-04-23T04:40:12.517743126Z level=info msg="Response parsed from loki" duration=62.334µs metricDataplane=true framesLength=0 stage=parseResponse
edumind-grafana  | logger=tsdb.loki endpoint=queryData pluginId=loki dsName=Loki dsUID=loki uname=grafana_scheduler rule_uid=vinci-error-rate-high org_id=1 fromAlert=true t=2026-04-23T04:40:12.517894293Z level=info msg="Prepared request to Loki" duration=12.792µs queriesLength=1 stage=prepareRequest runInParallel=false
edumind-grafana  | logger=tsdb.loki endpoint=queryData pluginId=loki dsName=Loki dsUID=loki uname=grafana_scheduler rule_uid=vinci-error-rate-high org_id=1 fromAlert=true t=2026-04-23T04:40:12.522075043Z level=info msg="Response received from loki" duration=4.109375ms stage=databaseRequest statusCode=200 contentLength=1901 start=2026-04-23T04:35:10Z end=2026-04-23T04:40:10Z step=1m0s query="sum(rate({app=\"edumind-backend\"} |= \"app.analytics.telemetry\" |= \"\\\"module\\\": \\\"vinci\\\"\" [5m]))\n" queryType=range direction=backward maxLines=0 supportingQueryType=none lokiHost=loki:3100 lokiPath=/loki/api/v1/query_range status=ok
edumind-grafana  | logger=tsdb.loki endpoint=queryData pluginId=loki dsName=Loki dsUID=loki uname=grafana_scheduler rule_uid=vinci-error-rate-high org_id=1 fromAlert=true t=2026-04-23T04:40:12.522183959Z level=info msg="Response parsed from loki" duration=70.167µs metricDataplane=true framesLength=1 stage=parseResponse
edumind-grafana  | logger=ngalert.sender.router rule_uid=vinci-error-rate-high org_id=1 t=2026-04-23T04:40:12.525198376Z level=info msg="Sending alerts to local notifier" count=1
edumind-grafana  | logger=tsdb.loki endpoint=queryData pluginId=loki dsName=Loki dsUID=loki uname=grafana_scheduler rule_uid=vinci-p95-latency-high org_id=1 fromAlert=true t=2026-04-23T04:40:15.010610377Z level=info msg="Prepared request to Loki" duration=15µs queriesLength=1 stage=prepareRequest runInParallel=false
edumind-grafana  | logger=tsdb.loki endpoint=queryData pluginId=loki dsName=Loki dsUID=loki uname=grafana_scheduler rule_uid=vinci-p95-latency-high org_id=1 fromAlert=true t=2026-04-23T04:40:15.014536835Z level=info msg="Response received from loki" duration=3.765ms stage=databaseRequest statusCode=200 contentLength=1674 start=2026-04-23T04:35:10Z end=2026-04-23T04:40:10Z step=1s query="quantile_over_time(0.95, {app=\"edumind-backend\"} |= \"app.analytics.telemetry\" |= \"\\\"module\\\": \\\"vinci\\\"\" | json | unwrap latency_ms [5m])\n" queryType=range direction=backward maxLines=0 supportingQueryType=none lokiHost=loki:3100 lokiPath=/loki/api/v1/query_range status=ok
edumind-grafana  | logger=tsdb.loki endpoint=queryData pluginId=loki dsName=Loki dsUID=loki uname=grafana_scheduler rule_uid=vinci-p95-latency-high org_id=1 fromAlert=true t=2026-04-23T04:40:15.014709169Z level=info msg="Response parsed from loki" duration=112.5µs metricDataplane=true framesLength=0 stage=parseResponse
edumind-grafana  | logger=ngalert.sender.router rule_uid=vinci-p95-latency-high org_id=1 t=2026-04-23T04:40:15.021361794Z level=info msg="Sending alerts to local notifier" count=1
edumind-grafana  | logger=tsdb.loki endpoint=queryData pluginId=loki dsName=Loki dsUID=loki uname=grafana_scheduler rule_uid=vinci-timeout-rate-high org_id=1 fromAlert=true t=2026-04-23T04:40:17.515709795Z level=info msg="Prepared request to Loki" duration=18.042µs queriesLength=1 stage=prepareRequest runInParallel=false
edumind-grafana  | logger=tsdb.loki endpoint=queryData pluginId=loki dsName=Loki dsUID=loki uname=grafana_scheduler rule_uid=vinci-timeout-rate-high org_id=1 fromAlert=true t=2026-04-23T04:40:17.521637378Z level=info msg="Response received from loki" duration=5.811958ms stage=databaseRequest statusCode=200 contentLength=1682 start=2026-04-23T04:35:10Z end=2026-04-23T04:40:10Z step=1s query="sum(rate({app=\"edumind-backend\"} |= \"app.analytics.telemetry\" |= \"\\\"module\\\": \\\"vinci\\\"\" |= \"\\\"status\\\": \\\"timeout\\\"\" [5m]))\n" queryType=range direction=backward maxLines=0 supportingQueryType=none lokiHost=loki:3100 lokiPath=/loki/api/v1/query_range status=ok
edumind-grafana  | logger=tsdb.loki endpoint=queryData pluginId=loki dsName=Loki dsUID=loki uname=grafana_scheduler rule_uid=vinci-timeout-rate-high org_id=1 fromAlert=true t=2026-04-23T04:40:17.521765753Z level=info msg="Response parsed from loki" duration=68.959µs metricDataplane=true framesLength=0 stage=parseResponse
edumind-grafana  | logger=tsdb.loki endpoint=queryData pluginId=loki dsName=Loki dsUID=loki uname=grafana_scheduler rule_uid=vinci-timeout-rate-high org_id=1 fromAlert=true t=2026-04-23T04:40:17.521881545Z level=info msg="Prepared request to Loki" duration=10.958µs queriesLength=1 stage=prepareRequest runInParallel=false
edumind-grafana  | logger=tsdb.loki endpoint=queryData pluginId=loki dsName=Loki dsUID=loki uname=grafana_scheduler rule_uid=vinci-timeout-rate-high org_id=1 fromAlert=true t=2026-04-23T04:40:17.525868503Z level=info msg="Response received from loki" duration=3.914875ms stage=databaseRequest statusCode=200 contentLength= start=2026-04-23T04:35:10Z end=2026-04-23T04:40:10Z step=1s query="sum(rate({app=\"edumind-backend\"} |= \"app.analytics.telemetry\" |= \"\\\"module\\\": \\\"vinci\\\"\" [5m]))\n" queryType=range direction=backward maxLines=0 supportingQueryType=none lokiHost=loki:3100 lokiPath=/loki/api/v1/query_range status=ok
edumind-grafana  | logger=tsdb.loki endpoint=queryData pluginId=loki dsName=Loki dsUID=loki uname=grafana_scheduler rule_uid=vinci-timeout-rate-high org_id=1 fromAlert=true t=2026-04-23T04:40:17.526193212Z level=info msg="Response parsed from loki" duration=258.625µs metricDataplane=true framesLength=1 stage=parseResponse
edumind-grafana  | logger=ngalert.sender.router rule_uid=vinci-timeout-rate-high org_id=1 t=2026-04-23T04:40:17.531802837Z level=info msg="Sending alerts to local notifier" count=1
edumind-grafana  | logger=infra.usagestats t=2026-04-23T04:40:36.694908929Z level=info msg="Usage stats are ready to report"
